Microchip MPLAB XC8 Compiler V2.10 ()

Linker command line:

-W-3 --edf=C:\Program Files (x86)\Microchip\xc8\v2.10\pic\dat\en_msgs.txt \
  -cs \
  -h+dist/default/production\SwiftAct_Project_time_trigger.X.production.sym \
  --cmf=dist/default/production\SwiftAct_Project_time_trigger.X.production.cmf \
  -z -Q18F4520 -oC:\Users\hp\AppData\Local\Temp\sah0.2 \
  --defsym=__MPLAB_BUILD=1 \
  -Mdist/default/production/SwiftAct_Project_time_trigger.X.production.map \
  -E1 -ver=XC8 --acfsm=1493 -ASTACK=0E0h-05FFh -pstack=STACK \
  -ACODE=00h-07FFFh -ACONST=00h-07FFFh -ASMALLCONST=0600h-06FFhx122 \
  -AMEDIUMCONST=0600h-07FFFh -ACOMRAM=01h-07Fh -AABS1=00h-05FFh \
  -ABIGRAM=01h-05FFh -ARAM=080h-0FFh,0100h-01FFhx5 -ABANK0=080h-0FFh \
  -ABANK1=0100h-01FFh -ABANK2=0200h-02FFh -ABANK3=0300h-03FFh \
  -ABANK4=0400h-04FFh -ABANK5=0500h-05FFh -ASFR=0F80h-0FFFh \
  -preset_vec=00h,intcode=08h,intcodelo,powerup,init -pramtop=0600h \
  -psmallconst=SMALLCONST -pmediumconst=MEDIUMCONST -pconst=CONST \
  -AFARRAM=00h-00h -ACONFIG=0300000h-030000Dh -pconfig=CONFIG \
  -AIDLOC=0200000h-0200007h -pidloc=IDLOC -AEEDATA=0F00000h-0F000FFh \
  -peeprom_data=EEDATA \
  -prdata=COMRAM,nvrram=COMRAM,nvbit=COMRAM,rbss=COMRAM,rbit=COMRAM \
  -pfarbss=FARRAM,fardata=FARRAM,nvFARRAM=FARRAM \
  -pintsave_regs=BIGRAM,bigbss=BIGRAM,bigdata=BIGRAM -pbss=RAM \
  -pidata=CODE,irdata=CODE,ibigdata=CODE,ifardata=CODE -prparam=COMRAM \
  C:\Users\hp\AppData\Local\Temp\sah0.o \
  dist/default/production\SwiftAct_Project_time_trigger.X.production.o 

Object code version is 3.11

Machine type is 18F4520

Call graph: (short form)




                Name                               Link     Load   Length Selector   Space Scale
C:\Users\hp\AppData\Local\Temp\sah0.o
                init                                  E        E        4        4       0
                reset_vec                             0        0        4        0       0
                idloc                            200000   200000        8   200000       0
                config                           300000   300000        E   300000       0
dist/default/production\SwiftAct_Project_time_trigger.X.production.o
                intcode                               8        8        6        4       0
                temp                                 6D       6D        1        1       1
                smallconst                          600      600       EC      300       0
                text64                             3664     3664       22      376       0
                text63                             363E     363E       26      376       0
                text62                             22F0     22F0      110      376       0
                intcode_body                       3088     3088       7E      376       0
                text60                             21DA     21DA      116      376       0
                text59                             36C6     36C6       10      376       0
                text58                             36E4     36E4        E      376       0
                text57                             1B60     1B60      158      376       0
                text56                             3724     3724        6     1B80       0
                text55                             373E     373E        4     1B80       0
                text54                              F66      F66      29A      376       0
                text53                             1200     1200      288      376       0
                text52                             2F74     2F74       8C      376       0
                text51                             2BF6     2BF6       C6      376       0
                text50                             26D0     26D0       EA      376       0
                text49                             36D6     36D6        E      376       0
                text48                             3716     3716        8     1B80       0
                text47                             2E38     2E38       A4      376       0
                text46                             1860     1860      190      376       0
                text45                             36A6     36A6       20      376       0
                text44                             371E     371E        6     1B80       0
                text43                             2400     2400       F8      376       0
                text42                             351C     351C       58      376       0
                text41                             19F0     19F0      170      376       0
                text40                             3106     3106       78      376       0
                text39                             3266     3266       6C      376       0
                text38                             3618     3618       26      376       0
                text37                             3700     3700        C     1B80       0
                text36                             2EDC     2EDC       98      376       0
                text35                             1E0C     1E0C      14C      376       0
                text34                             340A     340A       5E      376       0
                text33                             24F8     24F8       EE      376       0
                text32                             31F2     31F2       74      376       0
                text31                             33A6     33A6       64      376       0
                text30                             2980     2980       DA      376       0
                text29                             3000     3000       88      376       0
                text28                             333C     333C       6A      376       0
                text27                             1684     1684      1DC      376       0
                text26                             317E     317E       74      376       0
                text25                             373A     373A        4     1B80       0
                text24                             3736     3736        4     1B80       0
                text23                             25E6     25E6       EA      376       0
                text22                             34C2     34C2       5A      376       0
                text21                             3686     3686       20      376       0
                text20                             35EC     35EC       2C      376       0
                text19                             3732     3732        4     1B80       0
                text18                             1CB8     1CB8      154      376       0
                text17                             1F58     1F58      146      376       0
                text16                             3468     3468       5A      376       0
                text15                             2D7E     2D7E       BA      376       0
                text14                             35BA     35BA       32      376       0
                text13                              A0A      A0A      2B0      376       0
                text12                             2B30     2B30       C6      376       0
                text11                             2CBC     2CBC       C2      376       0
                text10                             28A2     28A2       DE      376       0
                text9                              2A5A     2A5A       D6      376       0
                text8                               CBA      CBA      2AC      376       0
                text7                              1488     1488      1FC      376       0
                text6                              372E     372E        4     1B80       0
                text5                              32D2     32D2       6A      376       0
                text4                               6EC      6EC      31E      376       0
                text3                              372A     372A        4     1B80       0
                text2                              370C     370C        A     1B80       0
                text1                              209E     209E      13C      376       0
                text0                              27BA     27BA       E8      376       0
                cstackCOMRAM                          1        1       3F        1       1
                cstackBANK0                          DA       DA        6       80       1
                bssBANK0                             80       80       5A       80       1
                dataCOMRAM                           60       60        D        1       1
                bssCOMRAM                            40       40       20        1       1
                cinit                              3574     3574       46      376       0
                idataCOMRAM                        36F2     36F2        D      376       0

TOTAL           Name                               Link     Load   Length     Space
        CLASS   STACK          

        CLASS   CODE           
                intcode                               8        8        6         0
                init                                  E        E        4         0
                reset_vec                             0        0        4         0
                text64                             3664     3664       22         0
                text63                             363E     363E       26         0
                text62                             22F0     22F0      110         0
                intcode_body                       3088     3088       7E         0
                text60                             21DA     21DA      116         0
                text59                             36C6     36C6       10         0
                text58                             36E4     36E4        E         0
                text57                             1B60     1B60      158         0
                text56                             3724     3724        6         0
                text55                             373E     373E        4         0
                text54                              F66      F66      29A         0
                text53                             1200     1200      288         0
                text52                             2F74     2F74       8C         0
                text51                             2BF6     2BF6       C6         0
                text50                             26D0     26D0       EA         0
                text49                             36D6     36D6        E         0
                text48                             3716     3716        8         0
                text47                             2E38     2E38       A4         0
                text46                             1860     1860      190         0
                text45                             36A6     36A6       20         0
                text44                             371E     371E        6         0
                text43                             2400     2400       F8         0
                text42                             351C     351C       58         0
                text41                             19F0     19F0      170         0
                text40                             3106     3106       78         0
                text39                             3266     3266       6C         0
                text38                             3618     3618       26         0
                text37                             3700     3700        C         0
                text36                             2EDC     2EDC       98         0
                text35                             1E0C     1E0C      14C         0
                text34                             340A     340A       5E         0
                text33                             24F8     24F8       EE         0
                text32                             31F2     31F2       74         0
                text31                             33A6     33A6       64         0
                text30                             2980     2980       DA         0
                text29                             3000     3000       88         0
                text28                             333C     333C       6A         0
                text27                             1684     1684      1DC         0
                text26                             317E     317E       74         0
                text25                             373A     373A        4         0
                text24                             3736     3736        4         0
                text23                             25E6     25E6       EA         0
                text22                             34C2     34C2       5A         0
                text21                             3686     3686       20         0
                text20                             35EC     35EC       2C         0
                text19                             3732     3732        4         0
                text18                             1CB8     1CB8      154         0
                text17                             1F58     1F58      146         0
                text16                             3468     3468       5A         0
                text15                             2D7E     2D7E       BA         0
                text14                             35BA     35BA       32         0
                text13                              A0A      A0A      2B0         0
                text12                             2B30     2B30       C6         0
                text11                             2CBC     2CBC       C2         0
                text10                             28A2     28A2       DE         0
                text9                              2A5A     2A5A       D6         0
                text8                               CBA      CBA      2AC         0
                text7                              1488     1488      1FC         0
                text6                              372E     372E        4         0
                text5                              32D2     32D2       6A         0
                text4                               6EC      6EC      31E         0
                text3                              372A     372A        4         0
                text2                              370C     370C        A         0
                text1                              209E     209E      13C         0
                text0                              27BA     27BA       E8         0
                cinit                              3574     3574       46         0
                idataCOMRAM                        36F2     36F2        D         0

        CLASS   CONST          

        CLASS   SMALLCONST     
                smallconst                          600      600       EC         0

        CLASS   MEDIUMCONST    

        CLASS   COMRAM         
                temp                                 6D       6D        1         1
                cstackCOMRAM                          1        1       3F         1
                dataCOMRAM                           60       60        D         1
                bssCOMRAM                            40       40       20         1

        CLASS   ABS1           

        CLASS   BIGRAM         

        CLASS   RAM            

        CLASS   BANK0          
                cstackBANK0                          DA       DA        6         1
                bssBANK0                             80       80       5A         1

        CLASS   BANK1          

        CLASS   BANK2          

        CLASS   BANK3          

        CLASS   BANK4          

        CLASS   BANK5          

        CLASS   SFR            

        CLASS   FARRAM         

        CLASS   CONFIG         
                config                           300000   300000        E         0

        CLASS   IDLOC          
                idloc                            200000   200000        8         0

        CLASS   EEDATA         



SEGMENTS        Name                           Load    Length   Top    Selector   Space  Class

                reset_vec                      000000  000004  000004         0       0  CODE    
                cstackCOMRAM                   000001  00006D  00006E         1       1  COMRAM  
                intcode                        000008  00000A  000012         4       0  CODE    
                bssBANK0                       000080  000060  0000E0        80       1  BANK0   
                smallconst                     000600  0000EC  0006EC       300       0  SMALLCON
                text4                          0006EC  003013  0036FF       376       0  CODE    
                text37                         003700  000042  003742      1B80       0  CODE    
                idloc                          200000  000008  200008    200000       0  IDLOC   
                config                         300000  00000E  30000E    300000       0  CONFIG  


UNUSED ADDRESS RANGES

        Name                Unused          Largest block    Delta
        BANK0            0000E0-0000FF               20
        BANK1            000100-0001FF              100
        BANK2            000200-0002FF              100
        BANK3            000300-0003FF              100
        BANK4            000400-0004FF              100
        BANK5            000500-0005FF              100
        BIGRAM           00006E-00007F               12
                         0000E0-0005FF              520
        CODE             000004-000007                4
                         000012-0005FF              5EE
                         0036FF-0036FF                1
                         003742-007FFF             48BE
        COMRAM           00006E-00007F               12
        CONST            000004-000007                4
                         000012-0005FF              5EE
                         0036FF-0036FF                1
                         003742-007FFF             48BE
        EEDATA           F00000-F000FF              100
        MEDIUMCONST      0036FF-0036FF                1
                         003742-007FFF             48BE
        RAM              0000E0-0005FF              100
        SFR              000F80-000FFF               80
        SMALLCONST       0036FF-0036FF                1
                         003742-007FFF              100
        STACK            0000E0-0005FF              520

                                  Symbol Table

?_ADC_Read_value                                                cstackCOMRAM 000012
?___lldiv                                                       cstackCOMRAM 00001E
?___llmod                                                       cstackCOMRAM 000012
?___lmul                                                        cstackCOMRAM 000012
?___lwdiv                                                       cstackCOMRAM 000020
?___lwmod                                                       cstackCOMRAM 000027
?___wmul                                                        cstackCOMRAM 00001A
?i2___wmul                                                      cstackCOMRAM 000001
ADC_Initialization@a_ADC_channel_t                              cstackCOMRAM 000014
ADC_Read_value@retVal                                           cstackCOMRAM 000018
ADC_Select_acquisition_time@a_ADC_acquisition_Time_t            cstackCOMRAM 000012
ADC_Select_prescaler@a_ADC_prescaler_t                          cstackCOMRAM 000012
Display_finishing_message@u8counter                             bssCOMRAM    000046
Door_Sensor_Task@u8Debouncing_time                              bssCOMRAM    000053
GPIO_Disable_ADC_On_Pins@a_u8pin                                cstackCOMRAM 000012
GPIO_Disable_ADC_On_Pins@a_u8port                               cstackCOMRAM 000015
GPIO_ReadFromPin@a_u8pin                                        cstackCOMRAM 000012
GPIO_ReadFromPin@a_u8port                                       cstackCOMRAM 000015
GPIO_ReadFromPin@retVal                                         cstackCOMRAM 000016
GPIO_SetPinDirection@a_u8direction                              cstackCOMRAM 000013
GPIO_SetPinDirection@a_u8pin                                    cstackCOMRAM 000012
GPIO_SetPinDirection@a_u8port                                   cstackCOMRAM 000016
GPIO_WriteOnPin@a_u8pin                                         cstackCOMRAM 000012
GPIO_WriteOnPin@a_u8port                                        cstackCOMRAM 000016
GPIO_WriteOnPin@a_u8value                                       cstackCOMRAM 000013
GPIO_WriteOnPort@a_u8port                                       cstackCOMRAM 000016
GPIO_WriteOnPort@a_u8value                                      cstackCOMRAM 000012
KeyPad_Initialization@u8counter                                 cstackCOMRAM 000019
KeyPad_Initialization@u8counter_293                             cstackCOMRAM 000018
KeyPad_Task@old_system_state_var_t                              bssCOMRAM    000055
KeyPad_Task@u8pressed_key                                       cstackCOMRAM 000022
KeyPad_getPressedKey@u8ReturnVal                                cstackCOMRAM 000018
KeyPad_getPressedKey@u8colCounter                               cstackCOMRAM 000019
KeyPad_getPressedKey@u8rowCounter                               cstackCOMRAM 00001A
KeyPad_get_PressedKey_with_debouncing@u8debouncing_counter      bssCOMRAM    00005F
KeyPad_get_PressedKey_with_debouncing@u8pressed_key             cstackCOMRAM 00001E
KeyPad_get_PressedKey_with_debouncing@u8retVal                  cstackCOMRAM 00001D
KeyPad_switch@a_u8col                                           cstackCOMRAM 000012
KeyPad_switch@a_u8row                                           cstackCOMRAM 000015
KeyPad_switch@u8ReturnVal                                       cstackCOMRAM 000016
LCD_DisplaNumber@DigitNo                                        cstackCOMRAM 00003B
LCD_DisplaNumber@a_s32number                                    cstackCOMRAM 00002B
LCD_DisplaNumber@check                                          cstackCOMRAM 000037
LCD_DisplaNumber@div                                            cstackCOMRAM 00003C
LCD_DisplaNumber@u8counter                                      cstackCOMRAM 000036
LCD_SendCommand@a_u8command                                     cstackCOMRAM 000018
LCD_SendDataByte@a_u8data                                       cstackCOMRAM 00001D
LCD_SendDataString@a_u8data_ptr                                 cstackCOMRAM 00001E
LCD_SetDisplayPosition@a_u8position_X                           cstackCOMRAM 00001C
LCD_SetDisplayPosition@a_u8position_Y                           cstackCOMRAM 000019
LCD_Task@old_system_state_var_t                                 bssCOMRAM    000056
LED_Buzzer_Task@u8counter                                       bssCOMRAM    000044
PWM_DutyCycle@a_PWM_channel_t                                   cstackCOMRAM 00002E
PWM_DutyCycle@a_u16PWM_duty_cycle                               cstackCOMRAM 00002B
PWM_DutyCycle@u16PWM_register_val                               cstackCOMRAM 00002F
PWM_Frequency@a_u32PWM_frequency                                cstackCOMRAM 00002B
PWM_Frequency@u8period_register_val                             cstackCOMRAM 000033
PWM_Initialization@a_PWM_channel_t                              cstackCOMRAM 000012
PWM_Start@a_PWM_channel_t                                       cstackCOMRAM 000012
PWM_Stop@a_PWM_channel_t                                        cstackCOMRAM 000012
Scheduler_Core@Counter                                          cstackCOMRAM 000009
Scheduler_Dispatcher@Counter                                    cstackBANK0  0000DE
Scheduler_Initialization@Counter                                cstackCOMRAM 000026
Scheduler_Initialization@a_u8tickTme                            cstackCOMRAM 000024
Scheduler_Initialization@initialization_error_t                 cstackCOMRAM 000025
Scheduler_StartFunction@Counter                                 cstackCOMRAM 00002B
Scheduler_StartFunction@Enum_Task_RepeatType                    cstackCOMRAM 000027
Scheduler_StartFunction@a_u16_task_periodicity                  cstackCOMRAM 000023
Scheduler_StartFunction@a_u16_task_start_time                   cstackCOMRAM 000025
Scheduler_StartFunction@a_u8_task_ID                            cstackCOMRAM 000022
Scheduler_StartFunction@task_function_ptr                       cstackCOMRAM 000020
Scheduler_Tick_time_calculation@a_u8tickTme                     cstackCOMRAM 000022
Scheduler_Tick_time_calculation@tick_calculation_t              cstackCOMRAM 000023
Temperature_Task@old_system_state_var_t                         bssCOMRAM    000054
Timer0_set_callback_function@a_function_ptr                     cstackCOMRAM 000012
Timer0_write_counter@a_u16init_value_for_timer                  cstackCOMRAM 000001
Timer2_write_period_register@a_u8init_value_for_period_register cstackCOMRAM 000012
Weight_Sensor_Task@u8Debouncing_time                            bssCOMRAM    000052
_ADC_Initialization                                             text60       0021DA
_ADC_Read_value                                                 text26       00317E
_ADC_Select_acquisition_time                                    text59       0036C6
_ADC_Select_prescaler                                           text58       0036E4
_ADC_Start_conversion                                           text25       00373A
_CPU_sleep                                                      text44       00371E
_Display_finishing_message                                      text33       0024F8
_Display_reminding_time                                         text30       002980
_Display_reminding_time$1685                                    cstackCOMRAM 00002C
_Door_Sensor_Task                                               text11       002CBC
_GPIO_Disable_ADC_On_Pins                                       text57       001B60
_GPIO_Disable_Comparator_On_PORTA                               text56       003724
_GPIO_Enable_Pull_Up_On_PortB                                   text55       00373E
_GPIO_ReadFromPin                                               text43       002400
_GPIO_SetPinDirection                                           text54       000F66
_GPIO_WriteOnPin                                                text53       001200
_GPIO_WriteOnPort                                               text52       002F74
_Get_and_Set_desired_temp                                       text22       0034C2
_Global_interrupt_enable                                        text6        00372E
_Home_screen_display                                            text15       002D7E
_ISR                                                            intcode      000008
_KeyPad_Initialization                                          text42       00351C
_KeyPad_Task                                                    text13       000A0A
_KeyPad_getPressedKey                                           text40       003106
_KeyPad_get_PressedKey_with_debouncing                          text39       003266
_KeyPad_switch                                                  text41       0019F0
_LCD_ClearScreen                                                text37       003700
_LCD_DisplaNumber                                               text27       001684
_LCD_Initialization                                             text50       0026D0
_LCD_SendCommand                                                text51       002BF6
_LCD_SendDataByte                                               text35       001E0C
_LCD_SendDataString                                             text34       00340A
_LCD_SetDisplayPosition                                         text36       002EDC
_LCD_Task                                                       text8        000CBA
_LED_Buzzer_Task                                                text9        002A5A
_PWM_DutyCycle                                                  text23       0025E6
_PWM_Frequency                                                  text46       001860
_PWM_Initialization                                             text45       0036A6
_PWM_Start                                                      text21       003686
_PWM_Stop                                                       text20       0035EC
_Reminding_time_Task                                            text14       0035BA
_Scheduler_Core                                                 text62       0022F0
_Scheduler_Dispatcher                                           text7        001488
_Scheduler_Dispatcher$2064                                      cstackBANK0  0000DC
_Scheduler_Initialization                                       text1        00209E
_Scheduler_StartFunction                                        text18       001CB8
_Scheduler_Tasks                                                bssBANK0     000080
_Scheduler_Tick_time_calculation                                text4        0006EC
_Temperature_Task                                               text10       0028A2
_Timer0_Initialization                                          text5        0032D2
_Timer0_config_t                                                dataCOMRAM   000060
_Timer0_enable                                                  text3        00372A
_Timer0_enable_overflow_interrupt                               text19       003732
_Timer0_set_callback_function                                   text2        00370C
_Timer0_write_counter                                           text64       003664
_Timer2_Initialization                                          text49       0036D6
_Timer2_config_t                                                bssCOMRAM    00004C
_Timer2_enable                                                  text24       003736
_Timer2_write_period_register                                   text48       003716
_Weight_Sensor_Task                                             text12       002B30
_Welcome_screen_Task                                            text16       003468
__CFG_BOREN$SBORDIS                                             (abs)        000000
__CFG_BORV$3                                                    (abs)        000000
__CFG_CCP2MX$PORTBE                                             (abs)        000000
__CFG_CP0$OFF                                                   (abs)        000000
__CFG_CP1$OFF                                                   (abs)        000000
__CFG_CP2$OFF                                                   (abs)        000000
__CFG_CP3$OFF                                                   (abs)        000000
__CFG_CPB$OFF                                                   (abs)        000000
__CFG_CPD$OFF                                                   (abs)        000000
__CFG_EBTR0$OFF                                                 (abs)        000000
__CFG_EBTR1$OFF                                                 (abs)        000000
__CFG_EBTR2$OFF                                                 (abs)        000000
__CFG_EBTR3$OFF                                                 (abs)        000000
__CFG_EBTRB$OFF                                                 (abs)        000000
__CFG_FCMEN$OFF                                                 (abs)        000000
__CFG_IESO$OFF                                                  (abs)        000000
__CFG_LPT1OSC$OFF                                               (abs)        000000
__CFG_LVP$ON                                                    (abs)        000000
__CFG_MCLRE$OFF                                                 (abs)        000000
__CFG_OSC$RCIO6                                                 (abs)        000000
__CFG_PBADEN$OFF                                                (abs)        000000
__CFG_PWRT$OFF                                                  (abs)        000000
__CFG_STVREN$ON                                                 (abs)        000000
__CFG_WDT$OFF                                                   (abs)        000000
__CFG_WDTPS$32768                                               (abs)        000000
__CFG_WRT0$OFF                                                  (abs)        000000
__CFG_WRT1$OFF                                                  (abs)        000000
__CFG_WRT2$OFF                                                  (abs)        000000
__CFG_WRT3$OFF                                                  (abs)        000000
__CFG_WRTB$OFF                                                  (abs)        000000
__CFG_WRTC$OFF                                                  (abs)        000000
__CFG_WRTD$OFF                                                  (abs)        000000
__CFG_XINST$OFF                                                 (abs)        000000
__HRAM                                                          (abs)        000000
__Habs1                                                         abs1         000000
__Hbank0                                                        bank0        000000
__Hbank1                                                        bank1        000000
__Hbank2                                                        bank2        000000
__Hbank3                                                        bank3        000000
__Hbank4                                                        bank4        000000
__Hbank5                                                        bank5        000000
__Hbigbss                                                       bigbss       000000
__Hbigdata                                                      bigdata      000000
__Hbigram                                                       bigram       000000
__Hbss                                                          bss          000000
__HbssBANK0                                                     bssBANK0     000000
__HbssCOMRAM                                                    bssCOMRAM    000000
__Hcinit                                                        cinit        000000
__Hclrtext                                                      clrtext      000000
__Hcomram                                                       comram       000000
__Hconfig                                                       config       30000E
__Hconst                                                        const        000000
__HcstackBANK0                                                  cstackBANK0  000000
__HcstackCOMRAM                                                 cstackCOMRAM 000000
__Hdata                                                         data         000000
__HdataCOMRAM                                                   dataCOMRAM   000000
__Heeprom_data                                                  eeprom_data  000000
__Hfarbss                                                       farbss       000000
__Hfardata                                                      fardata      000000
__Hibigdata                                                     ibigdata     000000
__Hidata                                                        idata        000000
__HidataCOMRAM                                                  idataCOMRAM  000000
__Hidloc                                                        idloc        200008
__Hifardata                                                     ifardata     000000
__Hinit                                                         init         000012
__Hintcode                                                      intcode      00000E
__Hintcode_body                                                 intcode_body 000000
__Hintcodelo                                                    intcodelo    00000E
__Hintentry                                                     intentry     000000
__Hintret                                                       intret       000000
__Hintsave_regs                                                 intsave_regs 000000
__Hirdata                                                       irdata       000000
__Hmediumconst                                                  mediumconst  000000
__HnvFARRAM                                                     nvFARRAM     000000
__Hnvbit                                                        nvbit        000000
__Hnvrram                                                       nvrram       000000
__Hparam                                                        rparam       000000
__Hpowerup                                                      powerup      00000E
__Hram                                                          ram          000000
__Hramtop                                                       ramtop       000600
__Hrbit                                                         rbit         000000
__Hrbss                                                         rbss         000000
__Hrdata                                                        rdata        000000
__Hreset_vec                                                    reset_vec    000004
__Hrparam                                                       rparam       000000
__Hsfr                                                          sfr          000000
__Hsmallconst                                                   smallconst   0006EC
__Hspace_0                                                      (abs)        30000E
__Hspace_1                                                      (abs)        0000E0
__Hspace_2                                                      (abs)        000000
__Hstack                                                        stack        000000
__Hstruct                                                       struct       000000
__Htemp                                                         temp         00006E
__Htext                                                         text         000000
__Htext0                                                        text0        000000
__Htext1                                                        text1        000000
__Htext10                                                       text10       000000
__Htext11                                                       text11       000000
__Htext12                                                       text12       000000
__Htext13                                                       text13       000000
__Htext14                                                       text14       000000
__Htext15                                                       text15       000000
__Htext16                                                       text16       000000
__Htext17                                                       text17       000000
__Htext18                                                       text18       000000
__Htext19                                                       text19       000000
__Htext2                                                        text2        000000
__Htext20                                                       text20       000000
__Htext21                                                       text21       000000
__Htext22                                                       text22       000000
__Htext23                                                       text23       000000
__Htext24                                                       text24       000000
__Htext25                                                       text25       000000
__Htext26                                                       text26       000000
__Htext27                                                       text27       000000
__Htext28                                                       text28       000000
__Htext29                                                       text29       000000
__Htext3                                                        text3        000000
__Htext30                                                       text30       000000
__Htext31                                                       text31       000000
__Htext32                                                       text32       000000
__Htext33                                                       text33       000000
__Htext34                                                       text34       000000
__Htext35                                                       text35       000000
__Htext36                                                       text36       000000
__Htext37                                                       text37       000000
__Htext38                                                       text38       000000
__Htext39                                                       text39       000000
__Htext4                                                        text4        000000
__Htext40                                                       text40       000000
__Htext41                                                       text41       000000
__Htext42                                                       text42       000000
__Htext43                                                       text43       000000
__Htext44                                                       text44       000000
__Htext45                                                       text45       000000
__Htext46                                                       text46       000000
__Htext47                                                       text47       000000
__Htext48                                                       text48       000000
__Htext49                                                       text49       000000
__Htext5                                                        text5        000000
__Htext50                                                       text50       000000
__Htext51                                                       text51       000000
__Htext52                                                       text52       000000
__Htext53                                                       text53       000000
__Htext54                                                       text54       000000
__Htext55                                                       text55       000000
__Htext56                                                       text56       000000
__Htext57                                                       text57       000000
__Htext58                                                       text58       000000
__Htext59                                                       text59       000000
__Htext6                                                        text6        000000
__Htext60                                                       text60       000000
__Htext62                                                       text62       000000
__Htext63                                                       text63       000000
__Htext64                                                       text64       000000
__Htext65                                                       text65       000000
__Htext7                                                        text7        000000
__Htext8                                                        text8        000000
__Htext9                                                        text9        000000
__LRAM                                                          (abs)        000001
__Labs1                                                         abs1         000000
__Lbank0                                                        bank0        000000
__Lbank1                                                        bank1        000000
__Lbank2                                                        bank2        000000
__Lbank3                                                        bank3        000000
__Lbank4                                                        bank4        000000
__Lbank5                                                        bank5        000000
__Lbigbss                                                       bigbss       000000
__Lbigdata                                                      bigdata      000000
__Lbigram                                                       bigram       000000
__Lbss                                                          bss          000000
__LbssBANK0                                                     bssBANK0     000000
__LbssCOMRAM                                                    bssCOMRAM    000000
__Lcinit                                                        cinit        000000
__Lclrtext                                                      clrtext      000000
__Lcomram                                                       comram       000000
__Lconfig                                                       config       300000
__Lconst                                                        const        000000
__LcstackBANK0                                                  cstackBANK0  000000
__LcstackCOMRAM                                                 cstackCOMRAM 000000
__Ldata                                                         data         000000
__LdataCOMRAM                                                   dataCOMRAM   000000
__Leeprom_data                                                  eeprom_data  000000
__Lfarbss                                                       farbss       000000
__Lfardata                                                      fardata      000000
__Libigdata                                                     ibigdata     000000
__Lidata                                                        idata        000000
__LidataCOMRAM                                                  idataCOMRAM  000000
__Lidloc                                                        idloc        200000
__Lifardata                                                     ifardata     000000
__Linit                                                         init         00000E
__Lintcode                                                      intcode      000008
__Lintcode_body                                                 intcode_body 000000
__Lintcodelo                                                    intcodelo    00000E
__Lintentry                                                     intentry     000000
__Lintret                                                       intret       000000
__Lintsave_regs                                                 intsave_regs 000000
__Lirdata                                                       irdata       000000
__Lmediumconst                                                  mediumconst  000000
__LnvFARRAM                                                     nvFARRAM     000000
__Lnvbit                                                        nvbit        000000
__Lnvrram                                                       nvrram       000000
__Lparam                                                        rparam       000000
__Lpowerup                                                      powerup      00000E
__Lram                                                          ram          000000
__Lramtop                                                       ramtop       000600
__Lrbit                                                         rbit         000000
__Lrbss                                                         rbss         000000
__Lrdata                                                        rdata        000000
__Lreset_vec                                                    reset_vec    000000
__Lrparam                                                       rparam       000000
__Lsfr                                                          sfr          000000
__Lsmallconst                                                   smallconst   000600
__Lspace_0                                                      (abs)        000000
__Lspace_1                                                      (abs)        000000
__Lspace_2                                                      (abs)        000000
__Lstack                                                        stack        000000
__Lstruct                                                       struct       000000
__Ltemp                                                         temp         00006D
__Ltext                                                         text         000000
__Ltext0                                                        text0        000000
__Ltext1                                                        text1        000000
__Ltext10                                                       text10       000000
__Ltext11                                                       text11       000000
__Ltext12                                                       text12       000000
__Ltext13                                                       text13       000000
__Ltext14                                                       text14       000000
__Ltext15                                                       text15       000000
__Ltext16                                                       text16       000000
__Ltext17                                                       text17       000000
__Ltext18                                                       text18       000000
__Ltext19                                                       text19       000000
__Ltext2                                                        text2        000000
__Ltext20                                                       text20       000000
__Ltext21                                                       text21       000000
__Ltext22                                                       text22       000000
__Ltext23                                                       text23       000000
__Ltext24                                                       text24       000000
__Ltext25                                                       text25       000000
__Ltext26                                                       text26       000000
__Ltext27                                                       text27       000000
__Ltext28                                                       text28       000000
__Ltext29                                                       text29       000000
__Ltext3                                                        text3        000000
__Ltext30                                                       text30       000000
__Ltext31                                                       text31       000000
__Ltext32                                                       text32       000000
__Ltext33                                                       text33       000000
__Ltext34                                                       text34       000000
__Ltext35                                                       text35       000000
__Ltext36                                                       text36       000000
__Ltext37                                                       text37       000000
__Ltext38                                                       text38       000000
__Ltext39                                                       text39       000000
__Ltext4                                                        text4        000000
__Ltext40                                                       text40       000000
__Ltext41                                                       text41       000000
__Ltext42                                                       text42       000000
__Ltext43                                                       text43       000000
__Ltext44                                                       text44       000000
__Ltext45                                                       text45       000000
__Ltext46                                                       text46       000000
__Ltext47                                                       text47       000000
__Ltext48                                                       text48       000000
__Ltext49                                                       text49       000000
__Ltext5                                                        text5        000000
__Ltext50                                                       text50       000000
__Ltext51                                                       text51       000000
__Ltext52                                                       text52       000000
__Ltext53                                                       text53       000000
__Ltext54                                                       text54       000000
__Ltext55                                                       text55       000000
__Ltext56                                                       text56       000000
__Ltext57                                                       text57       000000
__Ltext58                                                       text58       000000
__Ltext59                                                       text59       000000
__Ltext6                                                        text6        000000
__Ltext60                                                       text60       000000
__Ltext62                                                       text62       000000
__Ltext63                                                       text63       000000
__Ltext64                                                       text64       000000
__Ltext65                                                       text65       000000
__Ltext7                                                        text7        000000
__Ltext8                                                        text8        000000
__Ltext9                                                        text9        000000
__S0                                                            (abs)        30000E
__S1                                                            (abs)        0000E0
__S2                                                            (abs)        000000
___inthi_sp                                                     stack        000000
___intlo_sp                                                     stack        000000
___lldiv                                                        text47       002E38
___lldiv@counter                                                cstackCOMRAM 00002A
___lldiv@dividend                                               cstackCOMRAM 00001E
___lldiv@divisor                                                cstackCOMRAM 000022
___lldiv@quotient                                               cstackCOMRAM 000026
___llmod                                                        text29       003000
___llmod@counter                                                cstackCOMRAM 00001A
___llmod@dividend                                               cstackCOMRAM 000012
___llmod@divisor                                                cstackCOMRAM 000016
___lmul                                                         text28       00333C
___lmul@multiplicand                                            cstackCOMRAM 000016
___lmul@multiplier                                              cstackCOMRAM 000012
___lmul@product                                                 cstackCOMRAM 00001A
___lwdiv                                                        text32       0031F2
___lwdiv@counter                                                cstackCOMRAM 000024
___lwdiv@dividend                                               cstackCOMRAM 000020
___lwdiv@divisor                                                cstackCOMRAM 000022
___lwdiv@quotient                                               cstackCOMRAM 000025
___lwmod                                                        text31       0033A6
___lwmod@counter                                                cstackCOMRAM 00002B
___lwmod@dividend                                               cstackCOMRAM 000027
___lwmod@divisor                                                cstackCOMRAM 000029
___param_bank                                                   (abs)        000000
___rparam_used                                                  (abs)        000001
___sp                                                           stack        000000
___wmul                                                         text38       003618
___wmul@multiplicand                                            cstackCOMRAM 00001C
___wmul@multiplier                                              cstackCOMRAM 00001A
___wmul@product                                                 cstackCOMRAM 00001E
__accesstop                                                     (abs)        000080
__activetblptr                                                  (abs)        000002
__end_of_ADC_Initialization                                     text60       0022F0
__end_of_ADC_Read_value                                         text26       0031F2
__end_of_ADC_Select_acquisition_time                            text59       0036D6
__end_of_ADC_Select_prescaler                                   text58       0036F2
__end_of_ADC_Start_conversion                                   text25       00373E
__end_of_CPU_sleep                                              text44       003724
__end_of_Display_finishing_message                              text33       0025E6
__end_of_Display_reminding_time                                 text30       002A5A
__end_of_Door_Sensor_Task                                       text11       002D7E
__end_of_GPIO_Disable_ADC_On_Pins                               text57       001CB8
__end_of_GPIO_Disable_Comparator_On_PORTA                       text56       00372A
__end_of_GPIO_Enable_Pull_Up_On_PortB                           text55       003742
__end_of_GPIO_ReadFromPin                                       text43       0024F8
__end_of_GPIO_SetPinDirection                                   text54       001200
__end_of_GPIO_WriteOnPin                                        text53       001488
__end_of_GPIO_WriteOnPort                                       text52       003000
__end_of_Get_and_Set_desired_temp                               text22       00351C
__end_of_Global_interrupt_enable                                text6        003732
__end_of_Home_screen_display                                    text15       002E38
__end_of_ISR                                                    intcode_body 003106
__end_of_KeyPad_Initialization                                  text42       003574
__end_of_KeyPad_Task                                            text13       000CBA
__end_of_KeyPad_getPressedKey                                   text40       00317E
__end_of_KeyPad_get_PressedKey_with_debouncing                  text39       0032D2
__end_of_KeyPad_switch                                          text41       001B60
__end_of_LCD_ClearScreen                                        text37       00370C
__end_of_LCD_DisplaNumber                                       text27       001860
__end_of_LCD_Initialization                                     text50       0027BA
__end_of_LCD_SendCommand                                        text51       002CBC
__end_of_LCD_SendDataByte                                       text35       001F58
__end_of_LCD_SendDataString                                     text34       003468
__end_of_LCD_SetDisplayPosition                                 text36       002F74
__end_of_LCD_Task                                               text8        000F66
__end_of_LED_Buzzer_Task                                        text9        002B30
__end_of_PWM_DutyCycle                                          text23       0026D0
__end_of_PWM_Frequency                                          text46       0019F0
__end_of_PWM_Initialization                                     text45       0036C6
__end_of_PWM_Start                                              text21       0036A6
__end_of_PWM_Stop                                               text20       003618
__end_of_Reminding_time_Task                                    text14       0035EC
__end_of_Scheduler_Core                                         text62       002400
__end_of_Scheduler_Dispatcher                                   text7        001684
__end_of_Scheduler_Initialization                               text1        0021DA
__end_of_Scheduler_StartFunction                                text18       001E0C
__end_of_Scheduler_Tick_time_calculation                        text4        000A0A
__end_of_Temperature_Task                                       text10       002980
__end_of_Timer0_Initialization                                  text5        00333C
__end_of_Timer0_enable                                          text3        00372E
__end_of_Timer0_enable_overflow_interrupt                       text19       003736
__end_of_Timer0_set_callback_function                           text2        003716
__end_of_Timer0_write_counter                                   text64       003686
__end_of_Timer2_Initialization                                  text49       0036E4
__end_of_Timer2_enable                                          text24       00373A
__end_of_Timer2_write_period_register                           text48       00371E
__end_of_Weight_Sensor_Task                                     text12       002BF6
__end_of_Welcome_screen_Task                                    text16       0034C2
__end_of___lldiv                                                text47       002EDC
__end_of___llmod                                                text29       003088
__end_of___lmul                                                 text28       0033A6
__end_of___lwdiv                                                text32       003266
__end_of___lwmod                                                text31       00340A
__end_of___wmul                                                 text38       00363E
__end_of__initialization                                        cinit        0035AC
__end_of_initialization_Tasks                                   text17       00209E
__end_of_main                                                   text0        0028A2
__end_ofi2___wmul                                               text63       003664
__initialization                                                cinit        003574
__mediumconst                                                   mediumconst  000000
__pbssBANK0                                                     bssBANK0     000080
__pbssCOMRAM                                                    bssCOMRAM    000040
__pcinit                                                        cinit        003574
__pcstackBANK0                                                  cstackBANK0  0000DA
__pcstackCOMRAM                                                 cstackCOMRAM 000001
__pdataCOMRAM                                                   dataCOMRAM   000060
__pidataCOMRAM                                                  idataCOMRAM  0036F2
__pintcode                                                      intcode      000008
__pintcode_body                                                 intcode_body 003088
__psmallconst                                                   smallconst   000600
__ptext0                                                        text0        0027BA
__ptext1                                                        text1        00209E
__ptext10                                                       text10       0028A2
__ptext11                                                       text11       002CBC
__ptext12                                                       text12       002B30
__ptext13                                                       text13       000A0A
__ptext14                                                       text14       0035BA
__ptext15                                                       text15       002D7E
__ptext16                                                       text16       003468
__ptext17                                                       text17       001F58
__ptext18                                                       text18       001CB8
__ptext19                                                       text19       003732
__ptext2                                                        text2        00370C
__ptext20                                                       text20       0035EC
__ptext21                                                       text21       003686
__ptext22                                                       text22       0034C2
__ptext23                                                       text23       0025E6
__ptext24                                                       text24       003736
__ptext25                                                       text25       00373A
__ptext26                                                       text26       00317E
__ptext27                                                       text27       001684
__ptext28                                                       text28       00333C
__ptext29                                                       text29       003000
__ptext3                                                        text3        00372A
__ptext30                                                       text30       002980
__ptext31                                                       text31       0033A6
__ptext32                                                       text32       0031F2
__ptext33                                                       text33       0024F8
__ptext34                                                       text34       00340A
__ptext35                                                       text35       001E0C
__ptext36                                                       text36       002EDC
__ptext37                                                       text37       003700
__ptext38                                                       text38       003618
__ptext39                                                       text39       003266
__ptext4                                                        text4        0006EC
__ptext40                                                       text40       003106
__ptext41                                                       text41       0019F0
__ptext42                                                       text42       00351C
__ptext43                                                       text43       002400
__ptext44                                                       text44       00371E
__ptext45                                                       text45       0036A6
__ptext46                                                       text46       001860
__ptext47                                                       text47       002E38
__ptext48                                                       text48       003716
__ptext49                                                       text49       0036D6
__ptext5                                                        text5        0032D2
__ptext50                                                       text50       0026D0
__ptext51                                                       text51       002BF6
__ptext52                                                       text52       002F74
__ptext53                                                       text53       001200
__ptext54                                                       text54       000F66
__ptext55                                                       text55       00373E
__ptext56                                                       text56       003724
__ptext57                                                       text57       001B60
__ptext58                                                       text58       0036E4
__ptext59                                                       text59       0036C6
__ptext6                                                        text6        00372E
__ptext60                                                       text60       0021DA
__ptext62                                                       text62       0022F0
__ptext63                                                       text63       00363E
__ptext64                                                       text64       003664
__ptext65                                                       text65       000000
__ptext7                                                        text7        001488
__ptext8                                                        text8        000CBA
__ptext9                                                        text9        002A5A
__ramtop                                                        ramtop       000600
__size_of_ADC_Initialization                                    (abs)        000000
__size_of_ADC_Read_value                                        (abs)        000000
__size_of_ADC_Select_acquisition_time                           (abs)        000000
__size_of_ADC_Select_prescaler                                  (abs)        000000
__size_of_ADC_Start_conversion                                  (abs)        000000
__size_of_CPU_sleep                                             (abs)        000000
__size_of_Display_finishing_message                             (abs)        000000
__size_of_Display_reminding_time                                (abs)        000000
__size_of_Door_Sensor_Task                                      (abs)        000000
__size_of_GPIO_Disable_ADC_On_Pins                              (abs)        000000
__size_of_GPIO_Disable_Comparator_On_PORTA                      (abs)        000000
__size_of_GPIO_Enable_Pull_Up_On_PortB                          (abs)        000000
__size_of_GPIO_ReadFromPin                                      (abs)        000000
__size_of_GPIO_SetPinDirection                                  (abs)        000000
__size_of_GPIO_WriteOnPin                                       (abs)        000000
__size_of_GPIO_WriteOnPort                                      (abs)        000000
__size_of_Get_and_Set_desired_temp                              (abs)        000000
__size_of_Global_interrupt_enable                               (abs)        000000
__size_of_Home_screen_display                                   (abs)        000000
__size_of_ISR                                                   (abs)        000000
__size_of_KeyPad_Initialization                                 (abs)        000000
__size_of_KeyPad_Task                                           (abs)        000000
__size_of_KeyPad_getPressedKey                                  (abs)        000000
__size_of_KeyPad_get_PressedKey_with_debouncing                 (abs)        000000
__size_of_KeyPad_switch                                         (abs)        000000
__size_of_LCD_ClearScreen                                       (abs)        000000
__size_of_LCD_DisplaNumber                                      (abs)        000000
__size_of_LCD_Initialization                                    (abs)        000000
__size_of_LCD_SendCommand                                       (abs)        000000
__size_of_LCD_SendDataByte                                      (abs)        000000
__size_of_LCD_SendDataString                                    (abs)        000000
__size_of_LCD_SetDisplayPosition                                (abs)        000000
__size_of_LCD_Task                                              (abs)        000000
__size_of_LED_Buzzer_Task                                       (abs)        000000
__size_of_PWM_DutyCycle                                         (abs)        000000
__size_of_PWM_Frequency                                         (abs)        000000
__size_of_PWM_Initialization                                    (abs)        000000
__size_of_PWM_Start                                             (abs)        000000
__size_of_PWM_Stop                                              (abs)        000000
__size_of_Reminding_time_Task                                   (abs)        000000
__size_of_Scheduler_Core                                        (abs)        000000
__size_of_Scheduler_Dispatcher                                  (abs)        000000
__size_of_Scheduler_Initialization                              (abs)        000000
__size_of_Scheduler_StartFunction                               (abs)        000000
__size_of_Scheduler_Tick_time_calculation                       (abs)        000000
__size_of_Temperature_Task                                      (abs)        000000
__size_of_Timer0_Initialization                                 (abs)        000000
__size_of_Timer0_enable                                         (abs)        000000
__size_of_Timer0_enable_overflow_interrupt                      (abs)        000000
__size_of_Timer0_set_callback_function                          (abs)        000000
__size_of_Timer0_write_counter                                  (abs)        000000
__size_of_Timer2_Initialization                                 (abs)        000000
__size_of_Timer2_enable                                         (abs)        000000
__size_of_Timer2_write_period_register                          (abs)        000000
__size_of_Weight_Sensor_Task                                    (abs)        000000
__size_of_Welcome_screen_Task                                   (abs)        000000
__size_of___lldiv                                               (abs)        000000
__size_of___llmod                                               (abs)        000000
__size_of___lmul                                                (abs)        000000
__size_of___lwdiv                                               (abs)        000000
__size_of___lwmod                                               (abs)        000000
__size_of___wmul                                                (abs)        000000
__size_of_initialization_Tasks                                  (abs)        000000
__size_of_main                                                  (abs)        000000
__size_ofi2___wmul                                              (abs)        000000
__smallconst                                                    smallconst   000600
_g_door_state_t                                                 dataCOMRAM   000066
_g_inside_microwave                                             bssCOMRAM    00005B
_g_system_state_var_t                                           bssCOMRAM    00005D
_g_u16MicrowaveTime                                             bssCOMRAM    000048
_g_u16PWM_reg_value_at_100DutyCycle                             bssCOMRAM    00004A
_g_u16_TickTimeCounter                                          bssCOMRAM    000050
_g_u8door_change_state_flag                                     bssCOMRAM    000058
_g_u8heating_finished_flag                                      bssCOMRAM    00005C
_g_u8keypad_button_val                                          dataCOMRAM   000065
_g_u8old_temp_reading                                           dataCOMRAM   000064
_g_u8position                                                   bssCOMRAM    00005E
_g_u8temperature                                                bssCOMRAM    000059
_g_u8time_digits                                                bssCOMRAM    00005A
_g_u8timer_arr                                                  dataCOMRAM   000067
_g_u8weight_change_state_flag                                   bssCOMRAM    000057
_initialization_Tasks                                           text17       001F58
_main                                                           text0        0027BA
_timer0_callback_ptr                                            bssCOMRAM    00004E
_u32compare_value                                               bssCOMRAM    000040
btemp                                                           temp         00006D
end_of_initialization                                           cinit        0035AC
i2___wmul                                                       text63       00363E
i2___wmul@multiplicand                                          cstackCOMRAM 000003
i2___wmul@multiplier                                            cstackCOMRAM 000001
i2___wmul@product                                               cstackCOMRAM 000005
int$flags                                                       temp         00006D
int_func                                                        intcode_body 003088
intlevel0                                                       text         000000
intlevel1                                                       text         000000
intlevel2                                                       text         000000
intlevel3                                                       text         000000
stackhi                                                         (abs)        0005FF
stacklo                                                         (abs)        0000E0
start                                                           init         00000E
start_initialization                                            cinit        003574
ttemp5                                                          temp         00006E
ttemp6                                                          temp         000071
ttemp7                                                          temp         000075
wtemp8                                                          temp         00006E


FUNCTION INFORMATION:

 *************** function _main *****************
 Defined at:
		line 26 in file "main.c"
 Parameters:    Size  Location     Type
		None
 Auto vars:     Size  Location     Type
		None
 Return value:  Size  Location     Type
                  1    wreg      void 
 Registers used:
		wreg, fsr0l, fsr0h, fsr2l, fsr2h, status,2, status,0, pclath, tosl, tblptrl, tblptrh, tblptru, prodl, prodh, cstack
 Tracked objects:
		On entry : 
		On exit  : 
		Unchanged: 
 Data sizes:     COMRAM   BANK0   BANK1   BANK2   BANK3   BANK4   BANK5
      Params:         0       0       0       0       0       0       0
      Locals:         0       0       0       0       0       0       0
      Temps:          0       0       0       0       0       0       0
      Totals:         0       0       0       0       0       0       0
Total ram usage:        0 bytes
 Hardware stack levels required when called:   11
 This function calls:
		_ADC_Initialization
		_ADC_Select_acquisition_time
		_ADC_Select_prescaler
		_GPIO_Disable_ADC_On_Pins
		_GPIO_Disable_Comparator_On_PORTA
		_GPIO_Enable_Pull_Up_On_PortB
		_GPIO_SetPinDirection
		_GPIO_WriteOnPin
		_LCD_Initialization
		_PWM_Frequency
		_PWM_Initialization
		_Scheduler_Dispatcher
		_Scheduler_Initialization
		_Scheduler_StartFunction
 This function is called by:
		Startup code after reset
 This function uses a non-reentrant model


 *************** function _Scheduler_Initialization *****************
 Defined at:
		line 207 in file "scheduler.c"
[...]
      Params:         0       0       0       0       0       0       0
      Locals:         1       0       0       0       0       0       0
      Temps:          0       0       0       0       0       0       0
      Totals:         1       0       0       0       0       0       0
Total ram usage:        1 bytes
 Hardware stack levels used:    1
 Hardware stack levels required when called:    4
 This function calls:
		_GPIO_WriteOnPin
		_GPIO_WriteOnPort
 This function is called by:
		_LCD_Initialization
		_LCD_SetDisplayPosition
		_LCD_ClearScreen
		_LCD_SetUserCharacter
 This function uses a non-reentrant model


 *************** function _GPIO_WriteOnPort *****************
 Defined at:
		line 463 in file "GPIO.c"
 Parameters:    Size  Location     Type
  a_u8port        1    wreg     unsigned char 
  a_u8value       1   17[COMRAM] unsigned char 
 Auto vars:     Size  Location     Type
  a_u8port        1   21[COMRAM] unsigned char 
  retVal          1    0        enum E10
 Return value:  Size  Location     Type
                  1    wreg      enum E10
 Registers used:
		wreg, status,2, status,0
 Tracked objects:
		On entry : 
		On exit  : 
		Unchanged: 
 Data sizes:     COMRAM   BANK0   BANK1   BANK2   BANK3   BANK4   BANK5
      Params:         1       0       0       0       0       0       0
      Locals:         2       0       0       0       0       0       0
      Temps:          2       0       0       0       0       0       0
      Totals:         5       0       0       0       0       0       0
Total ram usage:        5 bytes
 Hardware stack levels used:    1
 Hardware stack levels required when called:    3
 This function calls:
		Nothing
 This function is called by:
		_LCD_Initialization
		_LCD_SendCommand
		_LCD_SendDataByte
 This function uses a non-reentrant model


 *************** function _GPIO_WriteOnPin *****************
 Defined at:
		line 306 in file "GPIO.c"
 Parameters:    Size  Location     Type
  a_u8port        1    wreg     unsigned char 
  a_u8pin         1   17[COMRAM] unsigned char 
  a_u8value       1   18[COMRAM] unsigned char 
 Auto vars:     Size  Location     Type
  a_u8port        1   21[COMRAM] unsigned char 
  retVal          1    0        enum E10
 Return value:  Size  Location     Type
                  1    wreg      enum E10
 Registers used:
		wreg, status,2, status,0
 Tracked objects:
		On entry : 
		On exit  : 
		Unchanged: 
 Data sizes:     COMRAM   BANK0   BANK1   BANK2   BANK3   BANK4   BANK5
      Params:         2       0       0       0       0       0       0
      Locals:         2       0       0       0       0       0       0
      Temps:          2       0       0       0       0       0       0
      Totals:         6       0       0       0       0       0       0
Total ram usage:        6 bytes
 Hardware stack levels used:    1
 Hardware stack levels required when called:    3
 This function calls:
		Nothing
 This function is called by:
		_KeyPad_Initialization
		_KeyPad_getPressedKey
		_LCD_Initialization
		_LCD_SendCommand
		_LCD_SendDataByte
		_main
		_LCD_Task
		_Temperature_Task
		_LED_Buzzer_Task
 This function uses a non-reentrant model


 *************** function _GPIO_SetPinDirection *****************
 Defined at:
		line 36 in file "GPIO.c"
 Parameters:    Size  Location     Type
  a_u8port        1    wreg     unsigned char 
  a_u8pin         1   17[COMRAM] unsigned char 
  a_u8directio    1   18[COMRAM] unsigned char 
 Auto vars:     Size  Location     Type
  a_u8port        1   21[COMRAM] unsigned char 
  retVal          1    0        enum E10
 Return value:  Size  Location     Type
                  1    wreg      enum E10
 Registers used:
		wreg, status,2, status,0
 Tracked objects:
		On entry : 
		On exit  : 
		Unchanged: 
 Data sizes:     COMRAM   BANK0   BANK1   BANK2   BANK3   BANK4   BANK5
      Params:         2       0       0       0       0       0       0
      Locals:         2       0       0       0       0       0       0
      Temps:          2       0       0       0       0       0       0
      Totals:         6       0       0       0       0       0       0
Total ram usage:        6 bytes
 Hardware stack levels used:    1
 Hardware stack levels required when called:    3
 This function calls:
		Nothing
 This function is called by:
		_KeyPad_Initialization
		_LCD_Initialization
		_main
 This function uses a non-reentrant model


 *************** function _GPIO_Enable_Pull_Up_On_PortB *****************
 Defined at:
		line 848 in file "GPIO.c"
 Parameters:    Size  Location     Type
		None
 Auto vars:     Size  Location     Type
		None
 Return value:  Size  Location     Type
                  1    wreg      void 
 Registers used:
		status,2, status,0
 Tracked objects:
		On entry : 
		On exit  : 
		Unchanged: 
 Data sizes:     COMRAM   BANK0   BANK1   BANK2   BANK3   BANK4   BANK5
      Params:         0       0       0       0       0       0       0
      Locals:         0       0       0       0       0       0       0
      Temps:          0       0       0       0       0       0       0
      Totals:         0       0       0       0       0       0       0
Total ram usage:        0 bytes
 Hardware stack levels used:    1
 Hardware stack levels required when called:    3
 This function calls:
		Nothing
 This function is called by:
		_main
 This function uses a non-reentrant model


 *************** function _GPIO_Disable_Comparator_On_PORTA *****************
 Defined at:
		line 724 in file "GPIO.c"
 Parameters:    Size  Location     Type
		None
 Auto vars:     Size  Location     Type
		None
 Return value:  Size  Location     Type
                  1    wreg      void 
 Registers used:
		wreg, status,2, status,0
 Tracked objects:
		On entry : 
		On exit  : 
		Unchanged: 
 Data sizes:     COMRAM   BANK0   BANK1   BANK2   BANK3   BANK4   BANK5
      Params:         0       0       0       0       0       0       0
      Locals:         0       0       0       0       0       0       0
      Temps:          0       0       0       0       0       0       0
      Totals:         0       0       0       0       0       0       0
Total ram usage:        0 bytes
 Hardware stack levels used:    1
 Hardware stack levels required when called:    3
 This function calls:
		Nothing
 This function is called by:
		_main
 This function uses a non-reentrant model


 *************** function _GPIO_Disable_ADC_On_Pins *****************
 Defined at:
		line 742 in file "GPIO.c"
 Parameters:    Size  Location     Type
  a_u8port        1    wreg     unsigned char 
  a_u8pin         1   17[COMRAM] unsigned char 
 Auto vars:     Size  Location     Type
  a_u8port        1   20[COMRAM] unsigned char 
  retVal          1    0        enum E10
 Return value:  Size  Location     Type
                  1    wreg      enum E10
 Registers used:
		wreg, status,2, status,0
 Tracked objects:
		On entry : 
		On exit  : 
		Unchanged: 
 Data sizes:     COMRAM   BANK0   BANK1   BANK2   BANK3   BANK4   BANK5
      Params:         1       0       0       0       0       0       0
      Locals:         2       0       0       0       0       0       0
      Temps:          2       0       0       0       0       0       0
      Totals:         5       0       0       0       0       0       0
Total ram usage:        5 bytes
 Hardware stack levels used:    1
 Hardware stack levels required when called:    3
 This function calls:
		Nothing
 This function is called by:
		_main
 This function uses a non-reentrant model


 *************** function _ADC_Select_prescaler *****************
 Defined at:
		line 139 in file "ADC.c"
 Parameters:    Size  Location     Type
  a_ADC_presca    1    wreg     enum E35
 Auto vars:     Size  Location     Type
  a_ADC_presca    1   17[COMRAM] enum E35
 Return value:  Size  Location     Type
                  1    wreg      void 
 Registers used:
		wreg, status,2, status,0
 Tracked objects:
		On entry : 
		On exit  : 
		Unchanged: 
 Data sizes:     COMRAM   BANK0   BANK1   BANK2   BANK3   BANK4   BANK5
      Params:         0       0       0       0       0       0       0
      Locals:         1       0       0       0       0       0       0
      Temps:          0       0       0       0       0       0       0
      Totals:         1       0       0       0       0       0       0
Total ram usage:        1 bytes
 Hardware stack levels used:    1
 Hardware stack levels required when called:    3
 This function calls:
		Nothing
 This function is called by:
		_main
 This function uses a non-reentrant model


 *************** function _ADC_Select_acquisition_time *****************
 Defined at:
		line 118 in file "ADC.c"
 Parameters:    Size  Location     Type
  a_ADC_acquis    1    wreg     enum E25
 Auto vars:     Size  Location     Type
  a_ADC_acquis    1   17[COMRAM] enum E25
 Return value:  Size  Location     Type
                  1    wreg      void 
 Registers used:
		wreg, status,2, status,0
 Tracked objects:
		On entry : 
		On exit  : 
		Unchanged: 
 Data sizes:     COMRAM   BANK0   BANK1   BANK2   BANK3   BANK4   BANK5
      Params:         0       0       0       0       0       0       0
      Locals:         1       0       0       0       0       0       0
      Temps:          0       0       0       0       0       0       0
      Totals:         1       0       0       0       0       0       0
Total ram usage:        1 bytes
 Hardware stack levels used:    1
 Hardware stack levels required when called:    3
 This function calls:
		Nothing
 This function is called by:
		_main
 This function uses a non-reentrant model


 *************** function _ADC_Initialization *****************
 Defined at:
		line 36 in file "ADC.c"
 Parameters:    Size  Location     Type
  a_ADC_channe    1    wreg     enum E10
 Auto vars:     Size  Location     Type
  a_ADC_channe    1   19[COMRAM] enum E10
 Return value:  Size  Location     Type
                  1    wreg      void 
 Registers used:
		wreg, status,2, status,0
 Tracked objects:
		On entry : 
		On exit  : 
		Unchanged: 
 Data sizes:     COMRAM   BANK0   BANK1   BANK2   BANK3   BANK4   BANK5
      Params:         0       0       0       0       0       0       0
      Locals:         1       0       0       0       0       0       0
      Temps:          2       0       0       0       0       0       0
      Totals:         3       0       0       0       0       0       0
Total ram usage:        3 bytes
 Hardware stack levels used:    1
 Hardware stack levels required when called:    3
 This function calls:
		Nothing
 This function is called by:
		_main
 This function uses a non-reentrant model


 *************** function _ISR *****************
 Defined at:
		line 1335 in file "interrupt.c"
 Parameters:    Size  Location     Type
		None
 Auto vars:     Size  Location     Type
		None
 Return value:  Size  Location     Type
                  1    wreg      void 
 Registers used:
		wreg, fsr2l, fsr2h, status,2, status,0, pclath, tosl, prodl, prodh, cstack
 Tracked objects:
		On entry : 
		On exit  : 
		Unchanged: 
 Data sizes:     COMRAM   BANK0   BANK1   BANK2   BANK3   BANK4   BANK5
      Params:         0       0       0       0       0       0       0
      Locals:         0       0       0       0       0       0       0
      Temps:          7       0       0       0       0       0       0
      Totals:         7       0       0       0       0       0       0
Total ram usage:        7 bytes
 Hardware stack levels used:    1
 Hardware stack levels required when called:    2
 This function calls:
		Absolute function
		_Scheduler_Core
 This function is called by:
		Interrupt level 2
 This function uses a non-reentrant model


 *************** function _Scheduler_Core *****************
 Defined at:
		line 71 in file "scheduler.c"
 Parameters:    Size  Location     Type
		None
 Auto vars:     Size  Location     Type
  Counter         2    8[COMRAM] unsigned short 
 Return value:  Size  Location     Type
                  1    wreg      void 
 Registers used:
		wreg, fsr2l, fsr2h, status,2, status,0, prodl, prodh, cstack
 Tracked objects:
		On entry : 
		On exit  : 
		Unchanged: 
 Data sizes:     COMRAM   BANK0   BANK1   BANK2   BANK3   BANK4   BANK5
      Params:         0       0       0       0       0       0       0
      Locals:         2       0       0       0       0       0       0
      Temps:          2       0       0       0       0       0       0
      Totals:         4       0       0       0       0       0       0
Total ram usage:        4 bytes
 Hardware stack levels used:    1
 Hardware stack levels required when called:    1
 This function calls:
		_Timer0_write_counter
		i2___wmul
 This function is called by:
		_Scheduler_Initialization
		_ISR
 This function uses a non-reentrant model


 *************** function i2___wmul *****************
 Defined at:
		line 15 in file "C:\Program Files (x86)\Microchip\xc8\v2.10\pic\sources\c99\common\Umul16.c"
 Parameters:    Size  Location     Type
  multiplier      2    0[COMRAM] unsigned int 
  multiplicand    2    2[COMRAM] unsigned int 
 Auto vars:     Size  Location     Type
  __wmul          2    4[COMRAM] unsigned int 
 Return value:  Size  Location     Type
                  2    0[COMRAM] unsigned int 
 Registers used:
		wreg, status,2, status,0, prodl, prodh
 Tracked objects:
		On entry : 
		On exit  : 
		Unchanged: 
 Data sizes:     COMRAM   BANK0   BANK1   BANK2   BANK3   BANK4   BANK5
      Params:         4       0       0       0       0       0       0
      Locals:         2       0       0       0       0       0       0
      Temps:          0       0       0       0       0       0       0
      Totals:         6       0       0       0       0       0       0
Total ram usage:        6 bytes
 Hardware stack levels used:    1
 This function calls:
		Nothing
 This function is called by:
		_Scheduler_Core
 This function uses a non-reentrant model


 *************** function _Timer0_write_counter *****************
 Defined at:
		line 151 in file "timers.c"
 Parameters:    Size  Location     Type
  a_u16init_va    2    0[COMRAM] unsigned short 
 Auto vars:     Size  Location     Type
		None
 Return value:  Size  Location     Type
                  1    wreg      void 
 Registers used:
		wreg, status,2
 Tracked objects:
		On entry : 
		On exit  : 
		Unchanged: 
 Data sizes:     COMRAM   BANK0   BANK1   BANK2   BANK3   BANK4   BANK5
      Params:         2       0       0       0       0       0       0
      Locals:         0       0       0       0       0       0       0
      Temps:          0       0       0       0       0       0       0
      Totals:         2       0       0       0       0       0       0
Total ram usage:        2 bytes
 Hardware stack levels used:    1
 This function calls:
		Nothing
 This function is called by:
		_Scheduler_Core
 This function uses a non-reentrant model



MODULE INFORMATION

Module		Function		Class		Link	Load	Size
timers.c
		_Timer0_write_counter		CODE           	3664	0000	35
		_Timer2_write_period_register		CODE           	3716	0000	9
		_Timer0_enable 		CODE           	372A	0000	5
		_Timer2_Initialization		CODE           	36D6	0000	15
		_Timer0_Initialization		CODE           	32D2	0000	107
		_Timer2_enable 		CODE           	3736	0000	5

timers.c estimated size: 176

C:\Program Files (x86)\Microchip\xc8\v2.10\pic\sources\c99\common\Umul32.c
		___lmul        		CODE           	333C	0000	107

C:\Program Files (x86)\Microchip\xc8\v2.10\pic\sources\c99\common\Umul32.c estimated size: 107

CPU_sleep.c
		_CPU_sleep     		CODE           	371E	0000	7

CPU_sleep.c estimated size: 7

C:\Program Files (x86)\Microchip\xc8\v2.10\pic\sources\c99\common\lwdiv.c
		___lwdiv       		CODE           	31F2	0000	117

C:\Program Files (x86)\Microchip\xc8\v2.10\pic\sources\c99\common\lwdiv.c estimated size: 117

C:\Program Files (x86)\Microchip\xc8\v2.10\pic\sources\c99\common\__lldiv.c
		___lldiv       		CODE           	2E38	0000	165

C:\Program Files (x86)\Microchip\xc8\v2.10\pic\sources\c99\common\__lldiv.c estimated size: 165

Tasks.c
		_Get_and_Set_desired_temp		CODE           	34C2	0000	91
		_Home_screen_display		CODE           	2D7E	0000	187
		_Weight_Sensor_Task		CODE           	2B30	0000	199
		_Door_Sensor_Task		CODE           	2CBC	0000	195
		_LCD_Task      		CODE           	0CBA	0000	685
		_Reminding_time_Task		CODE           	35BA	0000	51
		_Welcome_screen_Task		CODE           	3468	0000	91
		_LED_Buzzer_Task		CODE           	2A5A	0000	215
		_Display_finishing_message		CODE           	24F8	0000	239
		_KeyPad_Task   		CODE           	0A0A	0000	689
		_Display_reminding_time		CODE           	2980	0000	219
		_initialization_Tasks		CODE           	1F58	0000	327
		_Temperature_Task		CODE           	28A2	0000	223

Tasks.c estimated size: 3411

KeyPad.c
		_KeyPad_getPressedKey		CODE           	3106	0000	121
		_KeyPad_Initialization		CODE           	351C	0000	89
		_KeyPad_get_PressedKey_with_debouncing		CODE           	3266	0000	109
		_KeyPad_switch 		CODE           	19F0	0000	369

KeyPad.c estimated size: 688

interrupt.c
		_Timer0_enable_overflow_interrupt		CODE           	3732	0000	5
		_ISR           		CODE           	0008	0000	133
		_Global_interrupt_enable		CODE           	372E	0000	5
		_Timer0_set_callback_function		CODE           	370C	0000	11

interrupt.c estimated size: 154

PWM.c
		_PWM_DutyCycle 		CODE           	25E6	0000	235
		_PWM_Frequency 		CODE           	1860	0000	401
		_PWM_Start     		CODE           	3686	0000	33
		_PWM_Initialization		CODE           	36A6	0000	33
		_PWM_Stop      		CODE           	35EC	0000	45

PWM.c estimated size: 747

shared
		i2___wmul      		CODE           	363E	0000	39
		__initialization		CODE           	3574	0000	57

shared estimated size: 96

ADC.c
		_ADC_Start_conversion		CODE           	373A	0000	5
		_ADC_Read_value		CODE           	317E	0000	117
		_ADC_Select_prescaler		CODE           	36E4	0000	15
		_ADC_Select_acquisition_time		CODE           	36C6	0000	17
		_ADC_Initialization		CODE           	21DA	0000	279

ADC.c estimated size: 433

GPIO.c
		_GPIO_Enable_Pull_Up_On_PortB		CODE           	373E	0000	5
		_GPIO_WriteOnPort		CODE           	2F74	0000	141
		_GPIO_Disable_ADC_On_Pins		CODE           	1B60	0000	345
		_GPIO_Disable_Comparator_On_PORTA		CODE           	3724	0000	7
		_GPIO_ReadFromPin		CODE           	2400	0000	249
		_GPIO_SetPinDirection		CODE           	0F66	0000	667
		_GPIO_WriteOnPin		CODE           	1200	0000	649

GPIO.c estimated size: 2063

C:\Program Files (x86)\Microchip\xc8\v2.10\pic\sources\c99\common\Umul16.c
		___wmul        		CODE           	3618	0000	39

C:\Program Files (x86)\Microchip\xc8\v2.10\pic\sources\c99\common\Umul16.c estimated size: 39

scheduler.c
		_Scheduler_Core		CODE           	22F0	0000	273
		_Scheduler_Tick_time_calculation		CODE           	06EC	0000	799
		_Scheduler_Initialization		CODE           	209E	0000	317
		_Scheduler_Dispatcher		CODE           	1488	0000	509
		_Scheduler_StartFunction		CODE           	1CB8	0000	341

scheduler.c estimated size: 2239

C:\Program Files (x86)\Microchip\xc8\v2.10\pic\sources\c99\common\lwmod.c
		___lwmod       		CODE           	33A6	0000	101

C:\Program Files (x86)\Microchip\xc8\v2.10\pic\sources\c99\common\lwmod.c estimated size: 101

main.c
		_main          		CODE           	27BA	0000	233

main.c estimated size: 233

C:\Program Files (x86)\Microchip\xc8\v2.10\pic\sources\c99\common\llmod.c
		___llmod       		CODE           	3000	0000	137

C:\Program Files (x86)\Microchip\xc8\v2.10\pic\sources\c99\common\llmod.c estimated size: 137

LCD.c
		_LCD_ClearScreen		CODE           	3700	0000	13
		_LCD_SendDataByte		CODE           	1E0C	0000	333
		_LCD_DisplaNumber		CODE           	1684	0000	477
		_LCD_SendDataString		CODE           	340A	0000	95
		_LCD_SendCommand		CODE           	2BF6	0000	199
		_LCD_Initialization		CODE           	26D0	0000	235
		_LCD_SetDisplayPosition		CODE           	2EDC	0000	153

LCD.c estimated size: 1505

